// Jest Snapshot v1, https://goo.gl/fbAQLP

exports[`<SearchPage /> tests should load the component with the default values 1`] = `
<div>
  <h1>
    Search
  </h1>
  <hr />
  <div
    class="row"
  >
    <div
      class="col-5"
    >
      <form
        aria-label="form"
      >
        <input
          autocomplete="off"
          class="form-control"
          name="searchText"
          placeholder="Search"
          type="text"
          value=""
        />
        <button
          class="btn btn-outline-primary mt-2"
          type="submit"
        >
          Search
        </button>
      </form>
    </div>
    <div
      class="col-7"
    >
      <h3>
        Results
      </h3>
      <div
        class="alert alert-primary"
      >
        <p
          class="mb-0"
        >
          Search a hero
        </p>
      </div>
    </div>
  </div>
</div>
`;
